//tagfmt -f "json=or(:tag,snake(:field))"
//error: detect error:     error.golden:9 Invalid tag
package main

type User struct {
	Name     string `json:"name"`
	Password string `json:""`
    EmptyTag string
	City     string `json`
	State    string `gorm:"type:varchar(64)"`
}