//tagfmt -f "json=or(:tag,lower_camel(:field))|pflag=or(:tag,snake(:field))|bson=or(:tag,lower_camel(:field))"

package main

type OrderDetail struct {
	ID       string `json:"Id"   bson:"iD"       pflag:"id"`
	UserName string `json:"User" bson:"userName" pflag:"user_name"`
}
