//tagfmt -f "json=or(:tag,'')"

package main

type OrderDetail struct {
	ID       string   `json:"Id"`
	UserName string   `json:"User"`
	OrderID  string   `json:""`
	Callback string   `json:""`
	Address  []string `json:""`
}
