//tagfmt -f "json=hungary(:field)+:tag_extra"

package main

type OrderDetail struct {
	ID       string   `json:"id,omitempty"`
	UserName string   `json:"user_name,omitempty"`
	OrderID  string   `json:"order_id,omitempty"`
	Callback string   `json:"callback"`
	Address  []string `json:"address"`
}
