//tagfmt -f "json=or(:tag,snake(:field))"

package main

type OrderDetail struct {
	ID       string   `json:"id"`
	UserName string   `json:"name"`
	OrderID  string   `json:"order"`
	Callback string   `json:"callback"`
	Address  []string `json:"address"`
}
