//gofmt -f "json=hungary(:tag_basic)+,omitempty"

package main

type OrderDetail struct {
	ID       string   `json:"id,omitempty"`
	UserName string   `json:"user_name,omitempty"`
	OrderID  string   `json:"order_id,omitempty"`
	Callback string   `json:"callback,omitempty"`
	Address  []string `json:"address,omitempty"`
}
