//tagfmt -s -sw "json=2|yaml=1|toml=1|desc=-1"
package main

type Example struct {
	Data string `json:"data" toml:"data" yaml:"data" binding:"required" desc:"some inuse data"`
}
